$ sudo python3 cluster_manager.py

2026-06-07 13:08:00,304 - === Starting Cluster Manager ===
2026-06-07 13:08:00,315 - [HAPROXY] Started with 4 disabled worker slots
2026-06-07 13:08:00,315 - [worker-1] Starting provisioning...
2026-06-07 13:08:00,327 - [worker-1] Disk cloned in 0.012 seconds!
2026-06-07 13:08:00,506 - [worker-1] Machine started. Awaiting IP address assignment...
2026-06-07 13:08:10,509 - [worker-1] Done! Assigned IP address: 192.168.122.162
2026-06-07 13:08:10,510 - [HAPROXY] Enabled worker-1 at 192.168.122.162:80
2026-06-07 13:08:11,511 - [MONITORING] CPU avg=0.2% max=0.2% | worker-1=0.2% | Active nodes: 1
2026-06-07 13:08:16,512 - [MONITORING] CPU avg=0.1% max=0.1% | worker-1=0.1% | Active nodes: 1
2026-06-07 13:08:21,514 - [MONITORING] CPU avg=0.1% max=0.1% | worker-1=0.1% | Active nodes: 1
2026-06-07 13:08:26,515 - [MONITORING] CPU avg=0.1% max=0.1% | worker-1=0.1% | Active nodes: 1

# starter machine
$ sudo virsh list --all
$  Id    Name       State
$ ---------------------------
$  135   worker-1   running

2026-06-07 13:08:31,517 - [MONITORING] CPU avg=0.2% max=0.2% | worker-1=0.2% | Active nodes: 1
2026-06-07 13:08:36,518 - [MONITORING] CPU avg=0.1% max=0.1% | worker-1=0.1% | Active nodes: 1
2026-06-07 13:08:41,519 - [MONITORING] CPU avg=0.1% max=0.1% | worker-1=0.1% | Active nodes: 1
2026-06-07 13:08:46,520 - [MONITORING] CPU avg=0.2% max=0.2% | worker-1=0.2% | Active nodes: 1
2026-06-07 13:08:51,522 - [MONITORING] CPU avg=0.1% max=0.1% | worker-1=0.1% | Active nodes: 1
2026-06-07 13:08:56,523 - [MONITORING] CPU avg=0.2% max=0.2% | worker-1=0.2% | Active nodes: 1

$ curl -X GET http://192.168.1.6:18080

2026-06-07 13:09:01,524 - [MONITORING] CPU avg=99.4% max=99.4% | worker-1=99.4% | Active nodes: 1
2026-06-07 13:09:06,525 - [MONITORING] CPU avg=99.7% max=99.7% | worker-1=99.7% | Active nodes: 1
2026-06-07 13:09:11,526 - [MONITORING] CPU avg=99.6% max=99.6% | worker-1=99.6% | Active nodes: 1
2026-06-07 13:09:16,527 - [MONITORING] CPU avg=0.2% max=0.2% | worker-1=0.2% | Active nodes: 1
2026-06-07 13:09:21,529 - [MONITORING] CPU avg=0.1% max=0.1% | worker-1=0.1% | Active nodes: 1
2026-06-07 13:09:26,530 - [MONITORING] CPU avg=0.1% max=0.1% | worker-1=0.1% | Active nodes: 1
2026-06-07 13:09:31,531 - [MONITORING] CPU avg=0.2% max=0.2% | worker-1=0.2% | Active nodes: 1

$ curl -X GET http://192.168.1.6:18080

2026-06-07 13:09:36,532 - [MONITORING] CPU avg=99.5% max=99.5% | worker-1=99.5% | Active nodes: 1
2026-06-07 13:09:41,533 - [MONITORING] CPU avg=99.5% max=99.5% | worker-1=99.5% | Active nodes: 1

$ sudo virsh destroy worker-1

2026-06-07 13:09:46,534 - [MONITORING] CPU avg=0.2% max=0.2% | worker-1=0.2% | Active nodes: 1
2026-06-07 13:09:50,535 - [FAILURE] Machine worker-1 not responding! (State: 5)
2026-06-07 13:09:50,535 - [worker-1] Starting VM decommission...
2026-06-07 13:09:50,546 - [HAPROXY] Disabled worker-1
2026-06-07 13:09:50,546 - [worker-1] Machine utilized.
2026-06-07 13:09:50,546 - [worker-1] Starting provisioning...
2026-06-07 13:09:50,563 - [worker-1] Disk cloned in 0.017 seconds!
2026-06-07 13:09:50,732 - [worker-1] Machine started. Awaiting IP address assignment...
2026-06-07 13:10:00,735 - [worker-1] Done! Assigned IP address: 192.168.122.226
2026-06-07 13:10:00,735 - [HAPROXY] Enabled worker-1 at 192.168.122.226:80
2026-06-07 13:10:00,735 - [MONITORING] CPU avg=0.0% max=0.0% |  | Active nodes: 1

$ curl -X GET http://192.168.1.6:18080

2026-06-07 13:10:05,736 - [MONITORING] CPU avg=99.5% max=99.5% | worker-1=99.5% | Active nodes: 1
2026-06-07 13:10:10,738 - [MONITORING] CPU avg=99.5% max=99.5% | worker-1=99.5% | Active nodes: 1
2026-06-07 13:10:15,739 - [MONITORING] CPU avg=99.5% max=99.5% | worker-1=99.5% | Active nodes: 1
2026-06-07 13:10:20,740 - [MONITORING] CPU avg=0.1% max=0.1% | worker-1=0.1% | Active nodes: 1
2026-06-07 13:10:25,741 - [MONITORING] CPU avg=0.1% max=0.1% | worker-1=0.1% | Active nodes: 1

$ ab -n 10000 -c 100 -s 999 http://192.168.1.6:18080/

2026-06-07 13:10:30,742 - [MONITORING] CPU avg=99.6% max=99.6% | worker-1=99.6% | Active nodes: 1
2026-06-07 13:10:35,743 - [MONITORING] CPU avg=99.6% max=99.6% | worker-1=99.6% | Active nodes: 1
2026-06-07 13:10:40,745 - [MONITORING] CPU avg=99.7% max=99.7% | worker-1=99.7% | Active nodes: 1
2026-06-07 13:10:45,746 - [MONITORING] CPU avg=99.5% max=99.5% | worker-1=99.5% | Active nodes: 1
2026-06-07 13:10:50,747 - [MONITORING] CPU avg=99.5% max=99.5% | worker-1=99.5% | Active nodes: 1
2026-06-07 13:10:55,748 - [MONITORING] CPU avg=99.5% max=99.5% | worker-1=99.5% | Active nodes: 1
2026-06-07 13:10:55,748 - [SCALE OUT] Surpassed 80.0% for 30.01 seconds. Creating new machine...
2026-06-07 13:10:55,748 - [worker-2] Starting provisioning...
2026-06-07 13:10:55,773 - [worker-2] Disk cloned in 0.025 seconds!
2026-06-07 13:10:55,935 - [worker-2] Machine started. Awaiting IP address assignment...
2026-06-07 13:11:04,938 - [worker-2] Done! Assigned IP address: 192.168.122.202
2026-06-07 13:11:04,938 - [HAPROXY] Enabled worker-2 at 192.168.122.202:80
2026-06-07 13:11:09,940 - [MONITORING] CPU avg=99.5% max=99.6% | worker-1=99.6%, worker-2=99.5% | Active nodes: 2
2026-06-07 13:11:14,941 - [MONITORING] CPU avg=99.5% max=99.5% | worker-1=99.5%, worker-2=99.5% | Active nodes: 2
2026-06-07 13:11:19,943 - [MONITORING] CPU avg=99.6% max=99.6% | worker-1=99.6%, worker-2=99.6% | Active nodes: 2

# scaled out properly
$ sudo virsh list --all
$  Id    Name       State
$ ---------------------------
$  135   worker-1   running
$  136   worker-2   running

2026-06-07 13:11:24,945 - [MONITORING] CPU avg=99.5% max=99.6% | worker-1=99.6%, worker-2=99.3% | Active nodes: 2
2026-06-07 13:11:29,947 - [MONITORING] CPU avg=99.5% max=99.5% | worker-1=99.5%, worker-2=99.5% | Active nodes: 2
2026-06-07 13:11:34,948 - [MONITORING] CPU avg=99.7% max=99.9% | worker-1=99.5%, worker-2=99.9% | Active nodes: 2
2026-06-07 13:11:34,948 - [SCALE OUT] Surpassed 80.0% for 39.20 seconds. Creating new machine...
2026-06-07 13:11:34,948 - [worker-3] Starting provisioning...
2026-06-07 13:11:34,973 - [worker-3] Disk cloned in 0.024 seconds!
2026-06-07 13:11:35,148 - [worker-3] Machine started. Awaiting IP address assignment...
2026-06-07 13:11:44,151 - [worker-3] Done! Assigned IP address: 192.168.122.249

$ sudo virsh destroy worker-2

2026-06-07 13:11:44,151 - [HAPROXY] Enabled worker-3 at 192.168.122.249:80
2026-06-07 13:11:47,152 - [FAILURE] Machine worker-2 not responding! (State: 5)
2026-06-07 13:11:48,153 - [worker-2] Starting VM decommission...
2026-06-07 13:11:48,153 - [HAPROXY] Disabled worker-2
2026-06-07 13:11:48,154 - [worker-2] Machine utilized.
2026-06-07 13:11:48,154 - [worker-2] Starting provisioning...
2026-06-07 13:11:48,175 - [worker-2] Disk cloned in 0.021 seconds!
2026-06-07 13:11:48,341 - [worker-2] Machine started. Awaiting IP address assignment...
2026-06-07 13:11:57,344 - [worker-2] Done! Assigned IP address: 192.168.122.231
2026-06-07 13:11:57,344 - [HAPROXY] Enabled worker-2 at 192.168.122.231:80
2026-06-07 13:11:57,345 - [MONITORING] CPU avg=66.3% max=99.5% | worker-1=99.5%, worker-3=99.5% | Active nodes: 3
2026-06-07 13:12:02,347 - [MONITORING] CPU avg=66.4% max=99.5% | worker-1=99.5%, worker-3=99.5%, worker-2=0.1% | Active nodes: 3
2026-06-07 13:12:07,349 - [MONITORING] CPU avg=66.3% max=99.5% | worker-1=99.4%, worker-3=99.5%, worker-2=0.1% | Active nodes: 3
2026-06-07 13:12:12,352 - [MONITORING] CPU avg=66.4% max=99.6% | worker-1=99.5%, worker-3=99.6%, worker-2=0.1% | Active nodes: 3
2026-06-07 13:12:17,354 - [MONITORING] CPU avg=66.4% max=99.5% | worker-1=99.5%, worker-3=99.5%, worker-2=0.1% | Active nodes: 3
2026-06-07 13:12:22,357 - [MONITORING] CPU avg=96.5% max=99.6% | worker-1=99.6%, worker-3=99.5%, worker-2=90.4% | Active nodes: 3
2026-06-07 13:12:27,359 - [MONITORING] CPU avg=99.4% max=99.7% | worker-1=99.2%, worker-3=99.3%, worker-2=99.7% | Active nodes: 3
2026-06-07 13:12:32,361 - [MONITORING] CPU avg=99.4% max=99.4% | worker-1=99.4%, worker-3=99.4%, worker-2=99.4% | Active nodes: 3
2026-06-07 13:12:37,364 - [MONITORING] CPU avg=99.3% max=99.6% | worker-1=99.6%, worker-3=99.3%, worker-2=99.1% | Active nodes: 3
2026-06-07 13:12:42,366 - [MONITORING] CPU avg=99.6% max=99.6% | worker-1=99.6%, worker-3=99.5%, worker-2=99.6% | Active nodes: 3
2026-06-07 13:12:47,369 - [MONITORING] CPU avg=99.5% max=99.6% | worker-1=99.6%, worker-3=99.5%, worker-2=99.4% | Active nodes: 3
2026-06-07 13:12:47,369 - [SCALE OUT] Surpassed 80.0% for 30.01 seconds. Creating new machine...
2026-06-07 13:12:47,369 - [worker-4] Starting provisioning...
2026-06-07 13:12:47,394 - [worker-4] Disk cloned in 0.025 seconds!
2026-06-07 13:12:47,582 - [worker-4] Machine started. Awaiting IP address assignment...
2026-06-07 13:12:56,585 - [worker-4] Done! Assigned IP address: 192.168.122.188
2026-06-07 13:12:56,585 - [HAPROXY] Enabled worker-4 at 192.168.122.188:80
2026-06-07 13:13:01,589 - [MONITORING] CPU avg=99.4% max=99.7% | worker-1=99.1%, worker-3=99.7%, worker-2=99.5%, worker-4=99.5% | Active nodes: 4
2026-06-07 13:13:06,592 - [MONITORING] CPU avg=99.4% max=99.6% | worker-1=99.4%, worker-3=99.6%, worker-2=99.2%, worker-4=99.5% | Active nodes: 4
2026-06-07 13:13:11,595 - [MONITORING] CPU avg=99.2% max=99.5% | worker-1=99.2%, worker-3=99.5%, worker-2=99.0%, worker-4=99.1% | Active nodes: 4
2026-06-07 13:13:16,597 - [MONITORING] CPU avg=99.3% max=99.4% | worker-1=99.4%, worker-3=99.1%, worker-2=99.3%, worker-4=99.3% | Active nodes: 4
2026-06-07 13:13:21,600 - [MONITORING] CPU avg=99.2% max=99.6% | worker-1=99.2%, worker-3=99.2%, worker-2=98.8%, worker-4=99.6% | Active nodes: 4
2026-06-07 13:13:26,603 - [MONITORING] CPU avg=99.3% max=99.9% | worker-1=99.2%, worker-3=99.3%, worker-2=98.9%, worker-4=99.9% | Active nodes: 4
2026-06-07 13:13:31,606 - [MONITORING] CPU avg=99.4% max=99.6% | worker-1=99.0%, worker-3=99.6%, worker-2=99.5%, worker-4=99.6% | Active nodes: 4

# all machines running
$ sudo virsh list --all
$  Id    Name       State
$ ---------------------------
$  135   worker-1   running
$  139   worker-4   running
$  140   worker-3   running
$  141   worker-2   running

2026-06-07 13:13:36,610 - [MONITORING] CPU avg=99.5% max=99.7% | worker-1=99.3%, worker-3=99.7%, worker-2=99.4%, worker-4=99.5% | Active nodes: 4
2026-06-07 13:13:41,613 - [MONITORING] CPU avg=99.4% max=99.5% | worker-1=99.5%, worker-3=99.3%, worker-2=99.5%, worker-4=99.2% | Active nodes: 4
2026-06-07 13:13:46,616 - [MONITORING] CPU avg=99.4% max=99.6% | worker-1=99.5%, worker-3=99.0%, worker-2=99.6%, worker-4=99.5% | Active nodes: 4
2026-06-07 13:13:51,619 - [MONITORING] CPU avg=99.5% max=99.7% | worker-1=99.6%, worker-3=99.4%, worker-2=99.5%, worker-4=99.7% | Active nodes: 4
2026-06-07 13:13:56,622 - [MONITORING] CPU avg=99.3% max=99.6% | worker-1=99.4%, worker-3=99.0%, worker-2=99.6%, worker-4=99.4% | Active nodes: 4

$ sudo virsh destroy worker-3
$ sudo virsh destroy worker-2

2026-06-07 13:14:01,626 - [MONITORING] CPU avg=49.8% max=99.6% | worker-1=99.6%, worker-3=0.0%, worker-2=0.0%, worker-4=99.6% | Active nodes: 4
2026-06-07 13:14:03,627 - [FAILURE] Machine worker-3 not responding! (State: 5)
2026-06-07 13:14:03,627 - [FAILURE] Machine worker-2 not responding! (State: 5)
2026-06-07 13:14:04,628 - [worker-3] Starting VM decommission...
2026-06-07 13:14:04,628 - [HAPROXY] Disabled worker-3
2026-06-07 13:14:04,629 - [worker-3] Machine utilized.
2026-06-07 13:14:04,629 - [worker-3] Starting provisioning...
2026-06-07 13:14:04,651 - [worker-3] Disk cloned in 0.023 seconds!
2026-06-07 13:14:04,817 - [worker-3] Machine started. Awaiting IP address assignment...
2026-06-07 13:14:14,821 - [worker-3] Done! Assigned IP address: 192.168.122.193
2026-06-07 13:14:14,821 - [HAPROXY] Enabled worker-3 at 192.168.122.193:80
2026-06-07 13:14:14,821 - [worker-2] Starting VM decommission...
2026-06-07 13:14:14,821 - [HAPROXY] Disabled worker-2
2026-06-07 13:14:14,822 - [worker-2] Machine utilized.
2026-06-07 13:14:14,822 - [worker-2] Starting provisioning...
2026-06-07 13:14:14,847 - [worker-2] Disk cloned in 0.026 seconds!
2026-06-07 13:14:15,008 - [worker-2] Machine started. Awaiting IP address assignment...
2026-06-07 13:14:24,011 - [worker-2] Done! Assigned IP address: 192.168.122.49
2026-06-07 13:14:24,012 - [HAPROXY] Enabled worker-2 at 192.168.122.49:80
2026-06-07 13:14:24,012 - [MONITORING] CPU avg=49.8% max=99.5% | worker-1=99.5%, worker-4=99.5% | Active nodes: 4
2026-06-07 13:14:29,015 - [MONITORING] CPU avg=49.8% max=99.5% | worker-1=99.5%, worker-4=99.5%, worker-3=0.1%, worker-2=0.1% | Active nodes: 4
2026-06-07 13:14:34,019 - [MONITORING] CPU avg=49.8% max=99.6% | worker-1=99.6%, worker-4=99.6%, worker-3=0.1%, worker-2=0.1% | Active nodes: 4
2026-06-07 13:14:39,022 - [MONITORING] CPU avg=67.4% max=99.6% | worker-1=99.6%, worker-4=99.5%, worker-3=70.5%, worker-2=0.1% | Active nodes: 4
2026-06-07 13:14:44,026 - [MONITORING] CPU avg=74.6% max=99.6% | worker-1=99.4%, worker-4=99.6%, worker-3=99.2%, worker-2=0.1% | Active nodes: 4
2026-06-07 13:14:49,029 - [MONITORING] CPU avg=91.1% max=99.6% | worker-1=99.6%, worker-4=99.3%, worker-3=99.6%, worker-2=66.1% | Active nodes: 4
2026-06-07 13:14:54,032 - [MONITORING] CPU avg=99.4% max=99.8% | worker-1=99.4%, worker-4=99.3%, worker-3=99.3%, worker-2=99.8% | Active nodes: 4
2026-06-07 13:14:59,035 - [MONITORING] CPU avg=99.3% max=99.6% | worker-1=99.5%, worker-4=99.1%, worker-3=99.6%, worker-2=99.1% | Active nodes: 4
2026-06-07 13:15:04,038 - [MONITORING] CPU avg=99.5% max=99.6% | worker-1=99.3%, worker-4=99.4%, worker-3=99.6%, worker-2=99.6% | Active nodes: 4
2026-06-07 13:15:09,041 - [MONITORING] CPU avg=99.2% max=99.5% | worker-1=99.3%, worker-4=99.0%, worker-3=99.5%, worker-2=99.3% | Active nodes: 4
2026-06-07 13:15:14,044 - [MONITORING] CPU avg=99.4% max=99.5% | worker-1=99.4%, worker-4=99.3%, worker-3=99.4%, worker-2=99.5% | Active nodes: 4
2026-06-07 13:15:19,047 - [MONITORING] CPU avg=99.5% max=99.5% | worker-1=99.5%, worker-4=99.5%, worker-3=99.5%, worker-2=99.5% | Active nodes: 4
2026-06-07 13:15:24,050 - [MONITORING] CPU avg=99.3% max=99.6% | worker-1=99.5%, worker-4=98.9%, worker-3=99.2%, worker-2=99.6% | Active nodes: 4
2026-06-07 13:15:29,054 - [MONITORING] CPU avg=99.3% max=99.4% | worker-1=99.4%, worker-4=99.3%, worker-3=99.4%, worker-2=99.1% | Active nodes: 4
2026-06-07 13:15:34,057 - [MONITORING] CPU avg=99.2% max=99.5% | worker-1=99.3%, worker-4=99.5%, worker-3=99.4%, worker-2=98.5% | Active nodes: 4
2026-06-07 13:15:39,060 - [MONITORING] CPU avg=99.5% max=99.6% | worker-1=99.4%, worker-4=99.5%, worker-3=99.5%, worker-2=99.6% | Active nodes: 4
2026-06-07 13:15:44,063 - [MONITORING] CPU avg=99.3% max=99.6% | worker-1=99.4%, worker-4=99.1%, worker-3=99.3%, worker-2=99.6% | Active nodes: 4
2026-06-07 13:15:49,067 - [MONITORING] CPU avg=99.4% max=99.6% | worker-1=99.4%, worker-4=99.6%, worker-3=99.1%, worker-2=99.4% | Active nodes: 4

$ killall ab

2026-06-07 13:15:54,070 - [MONITORING] CPU avg=99.4% max=99.5% | worker-1=99.5%, worker-4=99.4%, worker-3=99.3%, worker-2=99.4% | Active nodes: 4
2026-06-07 13:15:59,073 - [MONITORING] CPU avg=99.5% max=99.6% | worker-1=99.5%, worker-4=99.6%, worker-3=99.5%, worker-2=99.6% | Active nodes: 4
2026-06-07 13:16:04,076 - [MONITORING] CPU avg=99.3% max=99.6% | worker-1=99.3%, worker-4=99.1%, worker-3=99.2%, worker-2=99.6% | Active nodes: 4
2026-06-07 13:16:09,079 - [MONITORING] CPU avg=99.4% max=99.6% | worker-1=99.5%, worker-4=99.5%, worker-3=99.2%, worker-2=99.6% | Active nodes: 4
2026-06-07 13:16:14,082 - [MONITORING] CPU avg=99.4% max=99.6% | worker-1=99.6%, worker-4=99.4%, worker-3=99.4%, worker-2=99.2% | Active nodes: 4
2026-06-07 13:16:19,085 - [MONITORING] CPU avg=99.5% max=99.7% | worker-1=99.7%, worker-4=99.5%, worker-3=99.4%, worker-2=99.6% | Active nodes: 4
2026-06-07 13:16:24,088 - [MONITORING] CPU avg=99.5% max=99.5% | worker-1=99.5%, worker-4=99.5%, worker-3=99.5%, worker-2=99.4% | Active nodes: 4
2026-06-07 13:16:29,092 - [MONITORING] CPU avg=99.5% max=99.6% | worker-1=99.3%, worker-4=99.4%, worker-3=99.5%, worker-2=99.6% | Active nodes: 4
2026-06-07 13:16:34,095 - [MONITORING] CPU avg=99.4% max=99.5% | worker-1=99.5%, worker-4=99.4%, worker-3=99.5%, worker-2=99.4% | Active nodes: 4
2026-06-07 13:16:39,099 - [MONITORING] CPU avg=62.4% max=99.4% | worker-1=50.6%, worker-4=99.4%, worker-3=99.4%, worker-2=0.1% | Active nodes: 4
2026-06-07 13:16:44,102 - [MONITORING] CPU avg=0.2% max=0.3% | worker-1=0.1%, worker-4=0.2%, worker-3=0.1%, worker-2=0.3% | Active nodes: 4
2026-06-07 13:16:49,106 - [MONITORING] CPU avg=0.1% max=0.2% | worker-1=0.1%, worker-4=0.2%, worker-3=0.1%, worker-2=0.1% | Active nodes: 4
2026-06-07 13:16:54,110 - [MONITORING] CPU avg=0.1% max=0.1% | worker-1=0.1%, worker-4=0.1%, worker-3=0.1%, worker-2=0.1% | Active nodes: 4
2026-06-07 13:16:59,113 - [MONITORING] CPU avg=0.1% max=0.2% | worker-1=0.1%, worker-4=0.2%, worker-3=0.1%, worker-2=0.1% | Active nodes: 4
2026-06-07 13:17:04,116 - [MONITORING] CPU avg=0.1% max=0.1% | worker-1=0.1%, worker-4=0.1%, worker-3=0.1%, worker-2=0.1% | Active nodes: 4
2026-06-07 13:17:09,119 - [MONITORING] CPU avg=0.1% max=0.1% | worker-1=0.1%, worker-4=0.1%, worker-3=0.1%, worker-2=0.1% | Active nodes: 4
2026-06-07 13:17:09,119 - [SCALE IN] Fell below 20.0% for 30.02 seconds. Removing redundant machine...
2026-06-07 13:17:09,119 - [worker-2] Starting VM decommission...
2026-06-07 13:17:09,119 - [HAPROXY] Disabled worker-2
2026-06-07 13:17:09,327 - [worker-2] Machine utilized.
2026-06-07 13:17:14,330 - [MONITORING] CPU avg=0.1% max=0.1% | worker-1=0.1%, worker-4=0.1%, worker-3=0.1% | Active nodes: 3
2026-06-07 13:17:19,332 - [MONITORING] CPU avg=0.1% max=0.2% | worker-1=0.1%, worker-4=0.2%, worker-3=0.2% | Active nodes: 3
2026-06-07 13:17:24,335 - [MONITORING] CPU avg=0.1% max=0.1% | worker-1=0.1%, worker-4=0.1%, worker-3=0.1% | Active nodes: 3
2026-06-07 13:17:29,337 - [MONITORING] CPU avg=0.1% max=0.2% | worker-1=0.1%, worker-4=0.2%, worker-3=0.1% | Active nodes: 3
2026-06-07 13:17:34,340 - [MONITORING] CPU avg=0.1% max=0.2% | worker-1=0.1%, worker-4=0.1%, worker-3=0.2% | Active nodes: 3
2026-06-07 13:17:39,342 - [MONITORING] CPU avg=0.1% max=0.1% | worker-1=0.1%, worker-4=0.1%, worker-3=0.1% | Active nodes: 3
2026-06-07 13:17:39,342 - [SCALE IN] Fell below 20.0% for 30.22 seconds. Removing redundant machine...
2026-06-07 13:17:39,342 - [worker-3] Starting VM decommission...
2026-06-07 13:17:39,342 - [HAPROXY] Disabled worker-3
2026-06-07 13:17:39,552 - [worker-3] Machine utilized.
2026-06-07 13:17:44,554 - [MONITORING] CPU avg=0.2% max=0.2% | worker-1=0.2%, worker-4=0.1% | Active nodes: 2
2026-06-07 13:17:49,557 - [MONITORING] CPU avg=0.1% max=0.1% | worker-1=0.1%, worker-4=0.1% | Active nodes: 2
2026-06-07 13:17:54,559 - [MONITORING] CPU avg=0.1% max=0.1% | worker-1=0.1%, worker-4=0.1% | Active nodes: 2
2026-06-07 13:17:59,561 - [MONITORING] CPU avg=0.1% max=0.1% | worker-1=0.1%, worker-4=0.1% | Active nodes: 2
2026-06-07 13:18:04,563 - [MONITORING] CPU avg=0.1% max=0.1% | worker-1=0.1%, worker-4=0.1% | Active nodes: 2
2026-06-07 13:18:09,565 - [MONITORING] CPU avg=0.1% max=0.1% | worker-1=0.1%, worker-4=0.1% | Active nodes: 2
2026-06-07 13:18:09,565 - [SCALE IN] Fell below 20.0% for 30.22 seconds. Removing redundant machine...
2026-06-07 13:18:09,565 - [worker-4] Starting VM decommission...
2026-06-07 13:18:09,566 - [HAPROXY] Disabled worker-4
2026-06-07 13:18:09,774 - [worker-4] Machine utilized.
2026-06-07 13:18:14,776 - [MONITORING] CPU avg=0.1% max=0.1% | worker-1=0.1% | Active nodes: 1
2026-06-07 13:18:19,777 - [MONITORING] CPU avg=0.1% max=0.1% | worker-1=0.1% | Active nodes: 1
2026-06-07 13:18:24,778 - [MONITORING] CPU avg=0.1% max=0.1% | worker-1=0.1% | Active nodes: 1
2026-06-07 13:18:29,780 - [MONITORING] CPU avg=0.2% max=0.2% | worker-1=0.2% | Active nodes: 1
2026-06-07 13:18:34,781 - [MONITORING] CPU avg=0.1% max=0.1% | worker-1=0.1% | Active nodes: 1

$ curl -X GET http://192.168.1.6:18080

2026-06-07 13:18:39,782 - [MONITORING] CPU avg=99.6% max=99.6% | worker-1=99.6% | Active nodes: 1
2026-06-07 13:18:44,784 - [MONITORING] CPU avg=99.6% max=99.6% | worker-1=99.6% | Active nodes: 1
2026-06-07 13:18:49,785 - [MONITORING] CPU avg=99.5% max=99.5% | worker-1=99.5% | Active nodes: 1
2026-06-07 13:18:54,786 - [MONITORING] CPU avg=0.1% max=0.1% | worker-1=0.1% | Active nodes: 1
2026-06-07 13:18:59,787 - [MONITORING] CPU avg=0.1% max=0.1% | worker-1=0.1% | Active nodes: 1
2026-06-07 13:19:04,788 - [MONITORING] CPU avg=0.1% max=0.1% | worker-1=0.1% | Active nodes: 1
2026-06-07 13:19:09,790 - [MONITORING] CPU avg=0.1% max=0.1% | worker-1=0.1% | Active nodes: 1
2026-06-07 13:19:14,791 - [MONITORING] CPU avg=0.1% max=0.1% | worker-1=0.1% | Active nodes: 1
2026-06-07 13:19:19,792 - [MONITORING] CPU avg=0.1% max=0.1% | worker-1=0.1% | Active nodes: 1
2026-06-07 13:19:20,547 - Stopping Cluster. Removing all machines...
2026-06-07 13:19:20,547 - [worker-1] Starting VM decommission...
2026-06-07 13:19:20,547 - [HAPROXY] Disabled worker-1
2026-06-07 13:19:20,766 - [worker-1] Machine utilized.

# proper cleanup
$ sudo virsh list --all
$  Id   Name   State
$ --------------------
